2025-05-02 19:05:09 0 [Note] Starting MariaDB 10.4.32-MariaDB source revision c4143f909528e3fab0677a28631d10389354c491 as process 24504
2025-05-02 19:05:09 0 [Note] InnoDB: Mutexes and rw_locks use Windows interlocked functions
2025-05-02 19:05:09 0 [Note] InnoDB: Uses event mutexes
2025-05-02 19:05:09 0 [Note] InnoDB: Compressed tables use zlib 1.3
2025-05-02 19:05:09 0 [Note] InnoDB: Number of pools: 1
2025-05-02 19:05:09 0 [Note] InnoDB: Using SSE2 crc32 instructions
2025-05-02 19:05:09 0 [Note] InnoDB: Initializing buffer pool, total size = 16M, instances = 1, chunk size = 16M
2025-05-02 19:05:09 0 [Note] InnoDB: Completed initialization of buffer pool
2025-05-02 19:05:09 0 [Note] InnoDB: Starting crash recovery from checkpoint LSN=300288
2025-05-02 19:05:09 0 [Note] InnoDB: 128 out of 128 rollback segments are active.
2025-05-02 19:05:09 0 [Note] InnoDB: Removed temporary tablespace data file: "ibtmp1"
2025-05-02 19:05:09 0 [Note] InnoDB: Creating shared tablespace for temporary tables
2025-05-02 19:05:09 0 [Note] InnoDB: Setting file 'C:\xampp\mysql\data\ibtmp1' size to 12 MB. Physically writing the file full; Please wait ...
2025-05-02 19:05:09 0 [Note] InnoDB: File 'C:\xampp\mysql\data\ibtmp1' size is now 12 MB.
2025-05-02 19:05:09 0 [Note] InnoDB: Waiting for purge to start
2025-05-02 19:05:09 0 [Note] InnoDB: 10.4.32 started; log sequence number 300297; transaction id 170
2025-05-02 19:05:09 0 [Note] InnoDB: Loading buffer pool(s) from C:\xampp\mysql\data\ib_buffer_pool
2025-05-02 19:05:09 0 [Note] Plugin 'FEEDBACK' is disabled.
2025-05-02 19:05:09 0 [Note] InnoDB: Buffer pool(s) load completed at 250502 19:05:09
2025-05-02 19:05:09 0 [Note] Server socket created on IP: '::'.
2025-05-02 19:11:30 0 [Note] Starting MariaDB 10.4.32-MariaDB source revision c4143f909528e3fab0677a28631d10389354c491 as process 9632
2025-05-02 19:11:30 0 [Note] InnoDB: Mutexes and rw_locks use Windows interlocked functions
2025-05-02 19:11:30 0 [Note] InnoDB: Uses event mutexes
2025-05-02 19:11:30 0 [Note] InnoDB: Compressed tables use zlib 1.3
2025-05-02 19:11:30 0 [Note] InnoDB: Number of pools: 1
2025-05-02 19:11:31 0 [Note] InnoDB: Using SSE2 crc32 instructions
2025-05-02 19:11:31 0 [Note] InnoDB: Initializing buffer pool, total size = 16M, instances = 1, chunk size = 16M
2025-05-02 19:11:31 0 [Note] InnoDB: Completed initialization of buffer pool
2025-05-02 19:11:31 0 [Note] InnoDB: Starting crash recovery from checkpoint LSN=300306
2025-05-02 19:11:31 0 [Note] InnoDB: 128 out of 128 rollback segments are active.
2025-05-02 19:11:31 0 [Note] InnoDB: Removed temporary tablespace data file: "ibtmp1"
2025-05-02 19:11:31 0 [Note] InnoDB: Creating shared tablespace for temporary tables
2025-05-02 19:11:31 0 [Note] InnoDB: Setting file 'C:\xampp\mysql\data\ibtmp1' size to 12 MB. Physically writing the file full; Please wait ...
2025-05-02 19:11:31 0 [Note] InnoDB: File 'C:\xampp\mysql\data\ibtmp1' size is now 12 MB.
2025-05-02 19:11:31 0 [Note] InnoDB: Waiting for purge to start
2025-05-02 19:11:31 0 [Note] InnoDB: 10.4.32 started; log sequence number 300315; transaction id 170
2025-05-02 19:11:31 0 [Note] InnoDB: Loading buffer pool(s) from C:\xampp\mysql\data\ib_buffer_pool
2025-05-02 19:11:31 0 [Note] Plugin 'FEEDBACK' is disabled.
2025-05-02 19:11:31 0 [Note] InnoDB: Buffer pool(s) load completed at 250502 19:11:31
2025-05-02 19:11:31 0 [Note] Server socket created on IP: '::'.
2025-05-05 10:35:32 0 [Note] Starting MariaDB 10.4.32-MariaDB source revision c4143f909528e3fab0677a28631d10389354c491 as process 8100
2025-05-05 10:35:32 0 [Note] mysqld.exe: Aria engine: starting recovery
recovered pages: 0% 15% 36% 48% 69% 100% (0.0 seconds); tables to flush: 2 1 0
 (0.0 seconds); 
2025-05-05 10:35:32 0 [Note] mysqld.exe: Aria engine: recovery done
2025-05-05 10:35:32 0 [Note] InnoDB: Mutexes and rw_locks use Windows interlocked functions
2025-05-05 10:35:32 0 [Note] InnoDB: Uses event mutexes
2025-05-05 10:35:32 0 [Note] InnoDB: Compressed tables use zlib 1.3
2025-05-05 10:35:32 0 [Note] InnoDB: Number of pools: 1
2025-05-05 10:35:32 0 [Note] InnoDB: Using SSE2 crc32 instructions
2025-05-05 10:35:32 0 [Note] InnoDB: Initializing buffer pool, total size = 16M, instances = 1, chunk size = 16M
2025-05-05 10:35:32 0 [Note] InnoDB: Completed initialization of buffer pool
2025-05-05 10:35:32 0 [Note] InnoDB: Starting crash recovery from checkpoint LSN=2744096
2025-05-05 10:35:32 0 [Note] InnoDB: 128 out of 128 rollback segments are active.
2025-05-05 10:35:32 0 [Note] InnoDB: Removed temporary tablespace data file: "ibtmp1"
2025-05-05 10:35:32 0 [Note] InnoDB: Creating shared tablespace for temporary tables
2025-05-05 10:35:32 0 [Note] InnoDB: Setting file 'C:\xampp\mysql\data\ibtmp1' size to 12 MB. Physically writing the file full; Please wait ...
2025-05-05 10:35:32 0 [Note] InnoDB: File 'C:\xampp\mysql\data\ibtmp1' size is now 12 MB.
2025-05-05 10:35:32 0 [Note] InnoDB: Waiting for purge to start
2025-05-05 10:35:32 0 [Note] InnoDB: 10.4.32 started; log sequence number 2744105; transaction id 1930
2025-05-05 10:35:32 0 [Note] InnoDB: Loading buffer pool(s) from C:\xampp\mysql\data\ib_buffer_pool
2025-05-05 10:35:32 0 [Note] Plugin 'FEEDBACK' is disabled.
2025-05-05 10:35:32 0 [Note] Server socket created on IP: '::'.
2025-05-05 10:35:32 0 [Note] InnoDB: Buffer pool(s) load completed at 250505 10:2025-05-08 18:12:04 0 [Note] Starting MariaDB 10.4.32-MariaDB source revision c4143f909528e3fab0677a28631d10389354c491 as process 5420
2025-05-08 18:12:04 0 [Note] InnoDB: Mutexes and rw_locks use Windows interlocked functions
2025-05-08 18:12:04 0 [Note] InnoDB: Uses event mutexes
2025-05-08 18:12:04 0 [Note] InnoDB: Compressed tables use zlib 1.3
2025-05-08 18:12:04 0 [Note] InnoDB: Number of pools: 1
2025-05-08 18:12:04 0 [Note] InnoDB: Using SSE2 crc32 instructions
2025-05-08 18:12:04 0 [Note] InnoDB: Initializing buffer pool, total size = 16M, instances = 1, chunk size = 16M
2025-05-08 18:12:04 0 [Note] InnoDB: Completed initialization of buffer pool
2025-05-08 18:12:04 0 [Note] InnoDB: Starting crash recovery from checkpoint LSN=2777420
2025-05-08 18:12:04 0 [Note] InnoDB: 128 out of 128 rollback segments are active.
2025-05-08 18:12:04 0 [Note] InnoDB: Removed temporary tablespace data file: "ibtmp1"
2025-05-08 18:12:04 0 [Note] InnoDB: Creating shared tablespace for temporary tables
2025-05-08 18:12:04 0 [Note] InnoDB: Setting file 'C:\xampp\mysql\data\ibtmp1' size to 12 MB. Physically writing the file full; Please wait ...
2025-05-08 18:12:04 0 [Note] InnoDB: File 'C:\xampp\mysql\data\ibtmp1' size is now 12 MB.
2025-05-08 18:12:04 0 [Note] InnoDB: Waiting for purge to start
2025-05-08 18:12:04 0 [Note] InnoDB: 10.4.32 started; log sequence number 2777429; transaction id 2023
2025-05-08 18:12:04 0 [Note] InnoDB: Loading buffer pool(s) from C:\xampp\mysql\data\ib_buffer_pool
2025-05-08 18:12:04 0 [Note] Plugin 'FEEDBACK' is disabled.
2025-05-08 18:12:04 0 [Note] InnoDB: Buffer pool(s) load completed at 250508 18:12:04
2025-05-08 18:12:04 0 [Note] Server socket created on IP: '::'.
2025-05-09 14:11:04 0 [Note] Starting MariaDB 10.4.32-MariaDB source revision c4143f909528e3fab0677a28631d10389354c491 as process 8444
2025-05-09 14:11:04 0 [Note] InnoDB: Mutexes and rw_locks use Windows interlocked functions
2025-05-09 14:11:04 0 [Note] InnoDB: Uses event mutexes
2025-05-09 14:11:04 0 [Note] InnoDB: Compressed tables use zlib 1.3
2025-05-09 14:11:04 0 [Note] InnoDB: Number of pools: 1
2025-05-09 14:11:04 0 [Note] InnoDB: Using SSE2 crc32 instructions
2025-05-09 14:11:04 0 [Note] InnoDB: Initializing buffer pool, total size = 16M, instances = 1, chunk size = 16M
2025-05-09 14:11:04 0 [Note] InnoDB: Completed initialization of buffer pool
2025-05-09 14:11:04 0 [Note] InnoDB: Starting crash recovery from checkpoint LSN=3102318
2025-05-09 14:11:04 0 [Note] InnoDB: 128 out of 128 rollback segments are active.
2025-05-09 14:11:04 0 [Note] InnoDB: Removed temporary tablespace data file: "ibtmp1"
2025-05-09 14:11:04 0 [Note] InnoDB: Creating shared tablespace for temporary tables
2025-05-09 14:11:04 0 [Note] InnoDB: Setting file 'C:\xampp\mysql\data\ibtmp1' size to 12 MB. Physically writing the file full; Please wait ...
2025-05-09 14:11:04 0 [Note] InnoDB: File 'C:\xampp\mysql\data\ibtmp1' size is now 12 MB.
2025-05-09 14:11:04 0 [Note] InnoDB: Waiting for purge to start
2025-05-09 14:11:04 0 [Note] InnoDB: 10.4.32 started; log sequence number 3102327; transaction id 2441
2025-05-09 14:11:04 0 [Note] InnoDB: Loading buffer pool(s) from C:\xampp\mysql\data\ib_buffer_pool
2025-05-09 14:11:04 0 [Note] Plugin 'FEEDBACK' is disabled.
2025-05-09 14:11:04 0 [Note] InnoDB: Buffer pool(s) load completed at 250509 14:11:04
2025-05-09 14:11:04 0 [Note] Server socket created on IP: '::'.
2025-05-09 14:11:07 0 [Note] Starting MariaDB 10.4.32-MariaDB source revision c4143f909528e3fab0677a28631d10389354c491 as process 28128
2025-05-09 14:11:07 0 [Note] InnoDB: Mutexes and rw_locks use Windows interlocked functions
2025-05-09 14:11:07 0 [Note] InnoDB: Uses event mutexes
2025-05-09 14:11:07 0 [Note] InnoDB: Compressed tables use zlib 1.3
2025-05-09 14:11:07 0 [Note] InnoDB: Number of pools: 1
2025-05-09 14:11:07 0 [Note] InnoDB: Using SSE2 crc32 instructions
2025-05-09 14:11:07 0 [Note] InnoDB: Initializing buffer pool, total size = 16M, instances = 1, chunk size = 16M
2025-05-09 14:11:07 0 [Note] InnoDB: Completed initialization of buffer pool
2025-05-09 14:11:07 0 [Note] InnoDB: Starting crash recovery from checkpoint LSN=3102318
2025-05-09 14:11:07 0 [Note] InnoDB: 128 out of 128 rollback segments are active.
2025-05-09 14:11:07 0 [Note] InnoDB: Removed temporary tablespace data file: "ibtmp1"
2025-05-09 14:11:07 0 [Note] InnoDB: Creating shared tablespace for temporary tables
2025-05-09 14:11:07 0 [Note] InnoDB: Setting file 'C:\xampp\mysql\data\ibtmp1' size to 12 MB. Physically writing the file full; Please wait ...
2025-05-09 14:11:07 0 [Note] InnoDB: File 'C:\xampp\mysql\data\ibtmp1' size is now 12 MB.
2025-05-09 14:11:07 0 [Note] InnoDB: Waiting for purge to start
2025-05-09 14:11:07 0 [Note] InnoDB: 10.4.32 started; log sequence number 3102327; transaction id 2441
2025-05-09 14:11:07 0 [Note] InnoDB: Loading buffer pool(s) from C:\xampp\mysql\data\ib_buffer_pool
2025-05-09 14:11:07 0 [Note] Plugin 'FEEDBACK' is disabled.
2025-05-09 14:11:07 0 [Note] InnoDB: Buffer pool(s) load completed at 250509 14:11:07
2025-05-09 14:11:07 0 [Note] Server socket created on IP: '::'.
2025-05-09 16:51:38 0 [Note] Starting MariaDB 10.4.32-MariaDB source revision c4143f909528e3fab0677a28631d10389354c491 as process 17084
2025-05-09 16:51:38 0 [Note] InnoDB: Mutexes and rw_locks use Windows interlocked functions
2025-05-09 16:51:38 0 [Note] InnoDB: Uses event mutexes
2025-05-09 16:51:38 0 [Note] InnoDB: Compressed tables use zlib 1.3
2025-05-09 16:51:38 0 [Note] InnoDB: Number of pools: 1
2025-05-09 16:51:38 0 [Note] InnoDB: Using SSE2 crc32 instructions
2025-05-09 16:51:38 0 [Note] InnoDB: Initializing buffer pool, total size = 16M, instances = 1, chunk size = 16M
2025-05-09 16:51:38 0 [Note] InnoDB: Completed initialization of buffer pool
2025-05-09 16:51:38 0 [Note] InnoDB: Starting crash recovery from checkpoint LSN=4762433
2025-05-09 16:51:38 0 [Note] InnoDB: 128 out of 128 rollback segments are active.
2025-05-09 16:51:38 0 [Note] InnoDB: Removed temporary tablespace data file: "ibtmp1"
2025-05-09 16:51:38 0 [Note] InnoDB: Creating shared tablespace for temporary tables
2025-05-09 16:51:38 0 [Note] InnoDB: Setting file 'C:\xampp\mysql\data\ibtmp1' size to 12 MB. Physically writing the file full; Please wait ...
2025-05-09 16:51:38 0 [Note] InnoDB: File 'C:\xampp\mysql\data\ibtmp1' size is now 12 MB.
2025-05-09 16:51:38 0 [Note] InnoDB: Waiting for purge to start
2025-05-09 16:51:38 0 [Note] InnoDB: 10.4.32 started; log sequence number 4762442; transaction id 3782
2025-05-09 16:51:38 0 [Note] InnoDB: Loading buffer pool(s) from C:\xampp\mysql\data\ib_buffer_pool
2025-05-09 16:51:38 0 [Note] Plugin 'FEEDBACK' is disabled.
2025-05-09 16:51:38 0 [Note] InnoDB: Buffer pool(s) load completed at 250509 16:51:38
2025-05-09 16:51:39 0 [Note] Server socket created on IP: '::'.
2025-05-09 17:40:02 0 [Note] Starting MariaDB 10.4.32-MariaDB source revision c4143f909528e3fab0677a28631d10389354c491 as process 11448
2025-05-09 17:40:02 0 [Note] InnoDB: Mutexes and rw_locks use Windows interlocked functions
2025-05-09 17:40:02 0 [Note] InnoDB: Uses event mutexes
2025-05-09 17:40:02 0 [Note] InnoDB: Compressed tables use zlib 1.3
2025-05-09 17:40:02 0 [Note] InnoDB: Number of pools: 1
2025-05-09 17:40:02 0 [Note] InnoDB: Using SSE2 crc32 instructions
2025-05-09 17:40:02 0 [Note] InnoDB: Initializing buffer pool, total size = 16M, instances = 1, chunk size = 16M
2025-05-09 17:40:02 0 [Note] InnoDB: Completed initialization of buffer pool
2025-05-09 17:40:02 0 [Note] InnoDB: Starting crash recovery from checkpoint LSN=7478113
2025-05-09 17:40:02 0 [Note] InnoDB: 128 out of 128 rollback segments are active.
2025-05-09 17:40:02 0 [Note] InnoDB: Removed temporary tablespace data file: "ibtmp1"
2025-05-09 17:40:02 0 [Note] InnoDB: Creating shared tablespace for temporary tables
2025-05-09 17:40:02 0 [Note] InnoDB: Setting file 'C:\xampp\mysql\data\ibtmp1' size to 12 MB. Physically writing the file full; Please wait ...
2025-05-09 17:40:02 0 [Note] InnoDB: File 'C:\xampp\mysql\data\ibtmp1' size is now 12 MB.
2025-05-09 17:40:02 0 [Note] InnoDB: Waiting for purge to start
2025-05-09 17:40:02 0 [Note] InnoDB: 10.4.32 started; log sequence number 7478122; transaction id 5388
2025-05-09 17:40:02 0 [Note] InnoDB: Loading buffer pool(s) from C:\xampp\mysql\data\ib_buffer_pool
2025-05-09 17:40:02 0 [Note] Plugin 'FEEDBACK' is disabled.
2025-05-09 17:40:02 0 [Note] Server socket created on IP: '::'.
2025-05-09 17:40:02 0 [Note] InnoDB: Buffer pool(s) load completed at 250509 17:40:02
2025-05-09 19:05:21 0 [Note] Starting MariaDB 10.4.32-MariaDB source revision c4143f909528e3fab0677a28631d10389354c491 as process 7808
2025-05-09 19:05:21 0 [Note] mysqld.exe: Aria engine: starting recovery
recovered pages: 0% 100% (0.0 seconds); 
2025-05-09 19:05:21 0 [Note] mysqld.exe: Aria engine: recovery done
2025-05-09 19:05:21 0 [Note] InnoDB: Mutexes and rw_locks use Windows interlocked functions
2025-05-09 19:05:21 0 [Note] InnoDB: Uses event mutexes
2025-05-09 19:05:21 0 [Note] InnoDB: Compressed tables use zlib 1.3
2025-05-09 19:05:21 0 [Note] InnoDB: Number of pools: 1
2025-05-09 19:05:21 0 [Note] InnoDB: Using SSE2 crc32 instructions
2025-05-09 19:05:21 0 [Note] InnoDB: Initializing buffer pool, total size = 16M, instances = 1, chunk size = 16M
2025-05-09 19:05:21 0 [Note] InnoDB: Completed initialization of buffer pool
2025-05-09 19:05:21 0 [Note] InnoDB: Starting crash recovery from checkpoint LSN=7512952
2025-05-09 19:05:21 0 [Note] InnoDB: 128 out of 128 rollback segments are active.
2025-05-09 19:05:21 0 [Note] InnoDB: Removed temporary tablespace data file: "ibtmp1"
2025-05-09 19:05:21 0 [Note] InnoDB: Creating shared tablespace for temporary tables
2025-05-09 19:05:21 0 [Note] InnoDB: Setting file 'C:\xampp\mysql\data\ibtmp1' size to 12 MB. Physically writing the file full; Please wait ...
2025-05-09 19:05:21 0 [Note] InnoDB: File 'C:\xampp\mysql\data\ibtmp1' size is now 12 MB.
2025-05-09 19:05:21 0 [Note] InnoDB: Waiting for purge to start
2025-05-09 19:05:21 0 [Note] InnoDB: 10.4.32 started; log sequence number 7512961; transaction id 5436
2025-05-09 19:05:21 0 [Note] InnoDB: Loading buffer pool(s) from C:\xampp\mysql\data\ib_buffer_pool
2025-05-09 19:05:21 0 [Note] Plugin 'FEEDBACK' is disabled.
2025-05-09 19:05:21 0 [Note] InnoDB: Buffer pool(s) load completed at 250509 19:05:21
2025-05-09 19:05:21 0 [Note] Server socket created on IP: '::'.
2025-05-10 16:36:25 0 [Note] Starting MariaDB 10.4.32-MariaDB source revision c4143f909528e3fab0677a28631d10389354c491 as process 1520
2025-05-10 16:36:25 0 [Note] InnoDB: Mutexes and rw_locks use Windows interlocked functions
2025-05-10 16:36:25 0 [Note] InnoDB: Uses event mutexes
2025-05-10 16:36:25 0 [Note] InnoDB: Compressed tables use zlib 1.3
2025-05-10 16:36:25 0 [Note] InnoDB: Number of pools: 1
2025-05-10 16:36:25 0 [Note] InnoDB: Using SSE2 crc32 instructions
2025-05-10 16:36:25 0 [Note] InnoDB: Initializing buffer pool, total size = 16M, instances = 1, chunk size = 16M
2025-05-10 16:36:25 0 [Note] InnoDB: Completed initialization of buffer pool
2025-05-10 16:36:25 0 [Note] InnoDB: Starting crash recovery from checkpoint LSN=8410821
2025-05-10 16:36:25 0 [Note] InnoDB: 128 out of 128 rollback segments are active.
2025-05-10 16:36:25 0 [Note] InnoDB: Removed temporary tablespace data file: "ibtmp1"
2025-05-10 16:36:25 0 [Note] InnoDB: Creating shared tablespace for temporary tables
2025-05-10 16:36:25 0 [Note] InnoDB: Setting file 'C:\xampp\mysql\data\ibtmp1' size to 12 MB. Physically writing the file full; Please wait ...
2025-05-10 16:36:25 0 [Note] InnoDB: File 'C:\xampp\mysql\data\ibtmp1' size is now 12 MB.
2025-05-10 16:36:25 0 [Note] InnoDB: Waiting for purge to start
2025-05-10 16:36:26 0 [Note] InnoDB: 10.4.32 started; log sequence number 8410830; transaction id 6115
2025-05-10 16:36:26 0 [Note] InnoDB: Loading buffer pool(s) from C:\xampp\mysql\data\ib_buffer_pool
2025-05-10 16:36:26 0 [Note] Plugin 'FEEDBACK' is disabled.
2025-05-10 16:36:26 0 [Note] Server socket created on IP: '::'.
2025-05-10 16:36:26 0 [Note] InnoDB: Buffer pool(s) load com2025-05-12  9:18:25 0 [Note] Starting MariaDB 10.4.32-MariaDB source revision c4143f909528e3fab0677a28631d10389354c491 as process 684
2025-05-12  9:18:25 0 [Note] InnoDB: Mutexes and rw_locks use Windows interlocked functions
2025-05-12  9:18:25 0 [Note] InnoDB: Uses event mutexes
2025-05-12  9:18:25 0 [Note] InnoDB: Compressed tables use zlib 1.3
2025-05-12  9:18:25 0 [Note] InnoDB: Number of pools: 1
2025-05-12  9:18:25 0 [Note] InnoDB: Using SSE2 crc32 instructions
2025-05-12  9:18:25 0 [Note] InnoDB: Initializing buffer pool, total size = 16M, instances = 1, chunk size = 16M
2025-05-12  9:18:25 0 [Note] InnoDB: Completed initialization of buffer pool
2025-05-12  9:18:25 0 [Note] InnoDB: Starting crash recovery from checkpoint LSN=8569132
2025-05-12  9:18:25 0 [Note] InnoDB: 128 out of 128 rollback segments are active.
2025-05-12  9:18:25 0 [Note] InnoDB: Removed temporary tablespace data file: "ibtmp1"
2025-05-12  9:18:25 0 [Note] InnoDB: Creating shared tablespace for temporary tables
2025-05-12  9:18:25 0 [Note] InnoDB: Setting file 'C:\xampp\mysql\data\ibtmp1' size to 12 MB. Physically writing the file full; Please wait ...
2025-05-12  9:18:25 0 [Note] InnoDB: File 'C:\xampp\mysql\data\ibtmp1' size is now 12 MB.
2025-05-12  9:18:25 0 [Note] InnoDB: Waiting for purge to start
2025-05-12  9:18:26 0 [Note] InnoDB: 10.4.32 started; log sequence number 8569141; transaction id 6316
2025-05-12  9:18:26 0 [Note] InnoDB: Loading buffer pool(s) from C:\xampp\mysql\data\ib_buffer_pool
2025-05-12  9:18:26 0 [Note] Plugin 'FEEDBACK' is disabled.
2025-05-12  9:18:26 0 [Note] InnoDB: Buffer pool(s) load completed at 250512  9:18:26
2025-05-12  9:18:26 0 [Note] Server socket created on IP: '::'.
2025-05-12  9:30:01 0 [Note] Starting MariaDB 10.4.32-MariaDB source revision c4143f909528e3fab0677a28631d10389354c491 as process 6328
2025-05-12  9:30:01 0 [Note] InnoDB: Mutexes and rw_locks use Windows interlocked functions
2025-05-12  9:30:01 0 [Note] InnoDB: Uses event mutexes
2025-05-12  9:30:01 0 [Note] InnoDB: Compressed tables use zlib 1.3
2025-05-12  9:30:01 0 [Note] InnoDB: Number of pools: 1
2025-05-12  9:30:01 0 [Note] InnoDB: Using SSE2 crc32 instructions
2025-05-12  9:30:01 0 [Note] InnoDB: Initializing buffer pool, total size = 16M, instances = 1, chunk size = 16M
2025-05-12  9:30:01 0 [Note] InnoDB: Completed initialization of buffer pool
2025-05-12  9:30:01 0 [Note] InnoDB: Starting crash recovery from checkpoint LSN=8772033
2025-05-12  9:30:01 0 [Note] InnoDB: 128 out of 128 rollback segments are active.
2025-05-12  9:30:01 0 [Note] InnoDB: Removed temporary tablespace data file: "ibtmp1"
2025-05-12  9:30:01 0 [Note] InnoDB: Creating shared tablespace for temporary tables
2025-05-12  9:30:01 0 [Note] InnoDB: Setting file 'C:\xampp\mysql\data\ibtmp1' size to 12 MB. Physically writing the file full; Please wait ...
2025-05-12  9:30:01 0 [Note] InnoDB: File 'C:\xampp\mysql\data\ibtmp1' size is now 12 MB.
2025-05-12  9:30:01 0 [Note] InnoDB: Waiting for purge to start
2025-05-12  9:30:01 0 [Note] InnoDB: 10.4.32 started; log sequence number 8772042; transaction id 6755
2025-05-12  9:30:01 0 [Note] InnoDB: Loading buffer pool(s) from C:\xampp\mysql\data\ib_buffer_pool
2025-05-12  9:30:01 0 [Note] Plugin 'FEEDBACK' is disabled.
2025-05-12  9:30:01 0 [Note] InnoDB: Buffer pool(s) load completed at 250512  9:30:01
2025-05-12  9:30:01 0 [Note] Server socket created on IP: '::'.
2025-05-12 10:17:41 0 [Note] Starting MariaDB 10.4.32-MariaDB source revision c4143f909528e3fab0677a28631d10389354c491 as process 452
2025-05-12 10:17:41 0 [Note] InnoDB: Mutexes and rw_locks use Windows interlocked functions
2025-05-12 10:17:41 0 [Note] InnoDB: Uses event mutexes
2025-05-12 10:17:41 0 [Note] InnoDB: Compressed tables use zlib 1.3
2025-05-12 10:17:41 0 [Note] InnoDB: Number of pools: 1
2025-05-12 10:17:41 0 [Note] InnoDB: Using SSE2 crc32 instructions
2025-05-12 10:17:41 0 [Note] InnoDB: Initializing buffer pool, total size = 16M, instances = 1, chunk size = 16M
2025-05-12 10:17:41 0 [Note] InnoDB: Completed initialization of buffer pool
2025-05-12 10:17:41 0 [Note] InnoDB: Starting crash recovery from checkpoint LSN=8997550
2025-05-12 10:17:41 0 [Note] InnoDB: 128 out of 128 rollback segments are active.
2025-05-12 10:17:41 0 [Note] InnoDB: Removed temporary tablespace data file: "ibtmp1"
2025-05-12 10:17:41 0 [Note] InnoDB: Creating shared tablespace for temporary tables
2025-05-12 10:17:41 0 [Note] InnoDB: Setting file 'C:\xampp\mysql\data\ibtmp1' size to 12 MB. Physically writing the file full; Please wait ...
2025-05-12 10:17:41 0 [Note] InnoDB: File 'C:\xampp\mysql\data\ibtmp1' size is now 12 MB.
2025-05-12 10:17:41 0 [Note] InnoDB: Waiting for purge to start
2025-05-12 10:17:41 0 [Note] InnoDB: 10.4.32 started; log sequence number 8997559; transaction id 7015
2025-05-12 10:17:41 0 [Note] InnoDB: Loading buffer pool(s) from C:\xampp\mysql\data\ib_buffer_pool
2025-05-12 10:17:41 0 [Note] Plugin 'FEEDBACK' is disabled.
2025-05-12 10:17:41 0 [Note] Server socket created on IP: '::'.
2025-05-12 10:17:41 0 [Note] InnoDB: Buffer pool(s) load completed at 250512